// Jest Snapshot v1, https://goo.gl/fbAQLP

exports[`CheckRange.vue Renders correctly 1`] = `
<div>
  <p
    class="subhead-2"
    id="component-2-label"
  >
    
      Test Title
    
  </p>
   
  <div
    class="row"
  >
    <div
      class="py-0 d-flex justify-space-around align-content-center col"
    >
      <div
        class="v-input align-center pa-0 ma-0 v-input--hide-details theme--light v-input__slider"
      >
        <div
          class="v-input__prepend-outer"
        >
          <div
            class="v-input pa-0 ma-0 v-input--hide-details theme--light v-input--selection-controls v-input--checkbox"
          >
            <div
              class="v-input__control"
            >
              <div
                class="v-input__slot"
              >
                <div
                  class="v-input--selection-controls__input"
                >
                  <input
                    aria-checked="false"
                    aria-labelledby="component-2-label"
                    id="test-check-range-check"
                    role="checkbox"
                    type="checkbox"
                    value=""
                  />
                  <div
                    class="v-input--selection-controls__ripple"
                  />
                  <i
                    aria-hidden="true"
                    class="v-icon notranslate mdi mdi-checkbox-blank-outline theme--light"
                  />
                </div>
              </div>
            </div>
          </div>
        </div>
        <div
          class="v-input__control"
        >
          <div
            class="v-input__slot"
          >
            <div
              class="v-slider v-slider--horizontal theme--light"
            >
              <input
                aria-labelledby="component-2-label"
                id="test-check-range"
                readonly="readonly"
                tabindex="-1"
                value="0"
              />
              <div
                class="v-slider__track-container"
              >
                <div
                  class="v-slider__track-background grey"
                  style="right: 0px;"
                />
                <div
                  class="v-slider__track-fill secondary"
                  style="left: 0px; width: 0%;"
                />
              </div>
              <div
                aria-labelledby="component-2-label"
                aria-orientation="horizontal"
                aria-readonly="false"
                aria-valuemax="100"
                aria-valuemin="0"
                aria-valuenow="0"
                class="v-slider__thumb-container secondary--text"
                role="slider"
                style="left: 0%;"
                tabindex="0"
              >
                <div
                  class="v-slider__thumb secondary"
                />
              </div>
            </div>
          </div>
        </div>
        <div
          class="v-input__append-outer"
        >
          <div
            class="v-input v-input--hide-details v-input--dense theme--light v-text-field v-text-field--prefix v-text-field--single-line v-text-field--solo v-text-field--enclosed"
            style="width: 100px;"
          >
            <div
              class="v-input__control"
            >
              <div
                class="v-input__slot"
              >
                <div
                  class="v-text-field__slot"
                >
                  <div
                    class="v-text-field__prefix"
                  >
                    â‰¤ 
                  </div>
                  <input
                    aria-labelledby="component-2-label"
                    id="test-check-range-field"
                    min="0"
                    type="number"
                  />
                  <div
                    class="v-text-field__suffix"
                  >
                    Test Append Text
                  </div>
                </div>
              </div>
            </div>
          </div>
        </div>
      </div>
    </div>
  </div>
</div>
`;
